// Jest Snapshot v1, https://goo.gl/fbAQLP

exports[`load catalog config test catalog parse https://www.bqgyy.net/book/51801/ 1`] = `
[
  {
    "name": "第1章 我在做梦",
    "url": "/book/51801/16526451.html",
  },
  {
    "name": "第2章 穿越进游戏",
    "url": "/book/51801/16526452.html",
  },
  {
    "name": "第3章 惊醒",
    "url": "/book/51801/16526453.html",
  },
  {
    "name": "第4章 又做梦了",
    "url": "/book/51801/16526454.html",
  },
  {
    "name": "第5章 重复的噩梦",
    "url": "/book/51801/16526455.html",
  },
  {
    "name": "第6章 三个臭皮匠",
    "url": "/book/51801/16526456.html",
  },
  {
    "name": "第7章 顶个诸葛亮",
    "url": "/book/51801/16526457.html",
  },
  {
    "name": "第8章 0/3！",
    "url": "/book/51801/16526458.html",
  },
  {
    "name": "第9章 转系生",
    "url": "/book/51801/16526459.html",
  },
  {
    "name": "第10章 上课",
    "url": "/book/51801/16526460.html",
  },
  {
    "name": "第11章 又行了",
    "url": "/book/51801/16526461.html",
  },
  {
    "name": "第12章 身体变强了",
    "url": "/book/51801/16526462.html",
  },
  {
    "name": "第13章 俗！",
    "url": "/book/51801/16526463.html",
  },
  {
    "name": "第14章 坑爹的系统",
    "url": "/book/51801/16526464.html",
  },
  {
    "name": "第15章 女孩的心思你别猜",
    "url": "/book/51801/16526465.html",
  },
  {
    "name": "第16章 猜来猜去也不明白",
    "url": "/book/51801/16526466.html",
  },
  {
    "name": "第17章 羽球风波",
    "url": "/book/51801/16526467.html",
  },
  {
    "name": "第18章 该补精神力了",
    "url": "/book/51801/16526468.html",
  },
  {
    "name": "第19章 我不是故意毁经典",
    "url": "/book/51801/16526469.html",
  },
  {
    "name": "第20章 路遇顽石",
    "url": "/book/51801/16526470.html",
  },
  {
    "name": "第21章 锁妖塔",
    "url": "/book/51801/16526471.html",
  },
  {
    "name": "第22章 师父的礼物",
    "url": "/book/51801/16526472.html",
  },
  {
    "name": "第23章 初入锁妖塔",
    "url": "/book/51801/16526473.html",
  },
  {
    "name": "第24章 妖塔九层",
    "url": "/book/51801/16526474.html",
  },
  {
    "name": "第25章 妖塔八层",
    "url": "/book/51801/16526475.html",
  },
  {
    "name": "第26章 听到八卦",
    "url": "/book/51801/16526476.html",
  },
  {
    "name": "第27章 天妖皇",
    "url": "/book/51801/16526477.html",
  },
  {
    "name": "第28章 脑袋不好的天妖皇",
    "url": "/book/51801/16526478.html",
  },
  {
    "name": "第29章 成功学大师",
    "url": "/book/51801/16526479.html",
  },
  {
    "name": "第30章 史上最聪明人",
    "url": "/book/51801/16526480.html",
  },
  {
    "name": "第31章 史上最难解题",
    "url": "/book/51801/16526481.html",
  },
  {
    "name": "第32章 灵儿与明王",
    "url": "/book/51801/16526482.html",
  },
  {
    "name": "第33章 大战明王",
    "url": "/book/51801/16526483.html",
  },
  {
    "name": "第34章 明王之殇",
    "url": "/book/51801/16526484.html",
  },
  {
    "name": "第35章 如何出塔",
    "url": "/book/51801/16526485.html",
  },
  {
    "name": "第36章 塔毁",
    "url": "/book/51801/16526486.html",
  },
  {
    "name": "第37章 你有系统？",
    "url": "/book/51801/16526487.html",
  },
  {
    "name": "第38章 再梦仙剑",
    "url": "/book/51801/16526488.html",
  },
  {
    "name": "第39章 飞龙探云手",
    "url": "/book/51801/16526489.html",
  },
  {
    "name": "第40章 还是飞龙探云手",
    "url": "/book/51801/16526490.html",
  },
  {
    "name": "第41章 春季运动会",
    "url": "/book/51801/16526491.html",
  },
  {
    "name": "第42章 连续三天都在跑步",
    "url": "/book/51801/16526492.html",
  },
  {
    "name": "第43章 女神的测试",
    "url": "/book/51801/16526493.html",
  },
  {
    "name": "第44章 郭立",
    "url": "/book/51801/16526494.html",
  },
  {
    "name": "第45章 两兄弟",
    "url": "/book/51801/16526495.html",
  },
  {
    "name": "第46章 系统归来",
    "url": "/book/51801/16526496.html",
  },
  {
    "name": "第47章 招募英雄",
    "url": "/book/51801/16526497.html",
  },
  {
    "name": "第48章 酒馆冲突",
    "url": "/book/51801/16526498.html",
  },
  {
    "name": "第49章 不出门怎么冒险",
    "url": "/book/51801/16526499.html",
  },
  {
    "name": "第50章 不打怪怎么练级",
    "url": "/book/51801/16526500.html",
  },
  {
    "name": "第51章 初战",
    "url": "/book/51801/16526501.html",
  },
  {
    "name": "第52章 我要进修",
    "url": "/book/51801/16526502.html",
  },
  {
    "name": "第53章 无畏先锋军团",
    "url": "/book/51801/16526503.html",
  },
  {
    "name": "第54章 刺客",
    "url": "/book/51801/16526504.html",
  },
  {
    "name": "第55章 卡特",
    "url": "/book/51801/16526505.html",
  },
  {
    "name": "第56章 僵持",
    "url": "/book/51801/16526506.html",
  },
  {
    "name": "第57章 突破",
    "url": "/book/51801/16526507.html",
  },
  {
    "name": "第58章 冲破防线",
    "url": "/book/51801/16526508.html",
  },
  {
    "name": "第59章 所见略同",
    "url": "/book/51801/16526509.html",
  },
  {
    "name": "第60章 狭路相逢",
    "url": "/book/51801/16526510.html",
  },
  {
    "name": "第61章 周末结束",
    "url": "/book/51801/16526511.html",
  },
  {
    "name": "第62章 郭立和杨秋",
    "url": "/book/51801/16526512.html",
  },
  {
    "name": "第63章 春日午后",
    "url": "/book/51801/16526513.html",
  },
  {
    "name": "第64章 白高兴",
    "url": "/book/51801/16526514.html",
  },
  {
    "name": "第65章 时间流速",
    "url": "/book/51801/16526515.html",
  },
  {
    "name": "第66章 制定策略",
    "url": "/book/51801/16526516.html",
  },
  {
    "name": "第67章 奇兵",
    "url": "/book/51801/16526517.html",
  },
  {
    "name": "第68章 才不是三基友",
    "url": "/book/51801/16526518.html",
  },
  {
    "name": "第69章 王子黑化",
    "url": "/book/51801/16526519.html",
  },
  {
    "name": "第70章 新技能",
    "url": "/book/51801/16526520.html",
  },
  {
    "name": "第71章 更新预告",
    "url": "/book/51801/16526521.html",
  },
  {
    "name": "第72章 操场练习",
    "url": "/book/51801/16526522.html",
  },
  {
    "name": "第73章 训练",
    "url": "/book/51801/16526523.html",
  },
  {
    "name": "第74章 杨秋的女友",
    "url": "/book/51801/16526524.html",
  },
  {
    "name": "第75章 准备妥当",
    "url": "/book/51801/16526525.html",
  },
  {
    "name": "第76章 妖精",
    "url": "/book/51801/16526526.html",
  },
  {
    "name": "第77章 奇怪的妖精",
    "url": "/book/51801/16526527.html",
  },
  {
    "name": "第78章 大妖精",
    "url": "/book/51801/16526528.html",
  },
  {
    "name": "第79章 战大妖精",
    "url": "/book/51801/16526529.html",
  },
  {
    "name": "第80章 妖精花园",
    "url": "/book/51801/16526530.html",
  },
  {
    "name": "第81章 再回温泉城",
    "url": "/book/51801/16526531.html",
  },
  {
    "name": "第82章 任务进展",
    "url": "/book/51801/16526532.html",
  },
  {
    "name": "第83章 平平无奇的学术",
    "url": "/book/51801/16526533.html",
  },
  {
    "name": "第84章 魔法和技能",
    "url": "/book/51801/16526534.html",
  },
  {
    "name": "第85章 领取奖励",
    "url": "/book/51801/16526535.html",
  },
  {
    "name": "第86章 神棍杨秋",
    "url": "/book/51801/16526536.html",
  },
  {
    "name": "第87章 训练计划",
    "url": "/book/51801/16526537.html",
  },
  {
    "name": "第88章 又是壮汉",
    "url": "/book/51801/16526538.html",
  },
  {
    "name": "第89章 以一当千",
    "url": "/book/51801/16526539.html",
  },
  {
    "name": "第90章 攻城车",
    "url": "/book/51801/16526540.html",
  },
  {
    "name": "第91章 督军山克",
    "url": "/book/51801/16526541.html",
  },
  {
    "name": "第92章 围城之战的终结",
    "url": "/book/51801/16526542.html",
  },
  {
    "name": "第93章 冰冻高原",
    "url": "/book/51801/16526543.html",
  },
  {
    "name": "第94章 先祖遗物",
    "url": "/book/51801/16526544.html",
  },
  {
    "name": "第95章 猪突猛进",
    "url": "/book/51801/16526545.html",
  },
  {
    "name": "第96章 神仙姐姐",
    "url": "/book/51801/16526546.html",
  },
  {
    "name": "第97章 不领奖励",
    "url": "/book/51801/16526547.html",
  },
  {
    "name": "第98章 安亚的任务",
    "url": "/book/51801/16526548.html",
  },
  {
    "name": "第99章 神庙之外",
    "url": "/book/51801/16526549.html",
  },
  {
    "name": "第100章 尼拉塞克",
    "url": "/book/51801/16526550.html",
  },
  {
    "name": "第101章 亚瑞特山顶",
    "url": "/book/51801/16526551.html",
  },
  {
    "name": "第102章 连环震惊",
    "url": "/book/51801/16526552.html",
  },
  {
    "name": "第103章 战斗指挥",
    "url": "/book/51801/16526553.html",
  },
  {
    "name": "第104章 超级技能啊",
    "url": "/book/51801/16526554.html",
  },
  {
    "name": "第105章 参军",
    "url": "/book/51801/16526555.html",
  },
  {
    "name": "第106章 出征",
    "url": "/book/51801/16526556.html",
  },
  {
    "name": "第107章 墓地",
    "url": "/book/51801/16526557.html",
  },
  {
    "name": "第108章 进退两难",
    "url": "/book/51801/16526558.html",
  },
  {
    "name": "第109章 一波未平",
    "url": "/book/51801/16526559.html",
  },
  {
    "name": "第110章 死亡波纹",
    "url": "/book/51801/16526560.html",
  },
  {
    "name": "第111章 英雄开会",
    "url": "/book/51801/16526561.html",
  },
  {
    "name": "第112章 格鲁",
    "url": "/book/51801/16526562.html",
  },
  {
    "name": "第113章 新的任务",
    "url": "/book/51801/16526563.html",
  },
  {
    "name": "第114章 双宿双飞",
    "url": "/book/51801/16526564.html",
  },
  {
    "name": "第115章 起飞",
    "url": "/book/51801/16526565.html",
  },
  {
    "name": "第116章 熟悉的人",
    "url": "/book/51801/16526566.html",
  },
  {
    "name": "第117章 宝物",
    "url": "/book/51801/16526567.html",
  },
  {
    "name": "第118章 送命题",
    "url": "/book/51801/16526568.html",
  },
  {
    "name": "第119章 手把手教你谈恋爱",
    "url": "/book/51801/16526569.html",
  },
  {
    "name": "第120章 矮人王盾的传说",
    "url": "/book/51801/16526570.html",
  },
  {
    "name": "第121章 美杜莎",
    "url": "/book/51801/16526571.html",
  },
  {
    "name": "第122章 金刀附马",
    "url": "/book/51801/16526572.html",
  },
  {
    "name": "第123章 金色飞马之刃",
    "url": "/book/51801/16526573.html",
  },
  {
    "name": "第124章 找到矮人",
    "url": "/book/51801/16526574.html",
  },
  {
    "name": "第125章 两个考验",
    "url": "/book/51801/16526575.html",
  },
  {
    "name": "第126章 没见过世面的矮人",
    "url": "/book/51801/16526576.html",
  },
  {
    "name": "第127章 矮人王盾的现状",
    "url": "/book/51801/16526577.html",
  },
  {
    "name": "第128章 下一阶段任务",
    "url": "/book/51801/16526578.html",
  },
  {
    "name": "第129章 骑虎难下",
    "url": "/book/51801/16526579.html",
  },
  {
    "name": "第130章 杨秋的目的",
    "url": "/book/51801/16526580.html",
  },
  {
    "name": "第131章 到达龙之国",
    "url": "/book/51801/16526581.html",
  },
  {
    "name": "第132章 龙之国",
    "url": "/book/51801/16526582.html",
  },
  {
    "name": "第133章 龙之国的领主",
    "url": "/book/51801/16526583.html",
  },
  {
    "name": "第134章 七龙王下任务",
    "url": "/book/51801/16526584.html",
  },
  {
    "name": "第135章 孟进的收获",
    "url": "/book/51801/16526585.html",
  },
  {
    "name": "第136章 出发，龙王",
    "url": "/book/51801/16526586.html",
  },
  {
    "name": "第137章 人族与兽族的战争",
    "url": "/book/51801/16526587.html",
  },
  {
    "name": "第138章 格鲁与科尔格",
    "url": "/book/51801/16526588.html",
  },
  {
    "name": "第139章 紧急时刻",
    "url": "/book/51801/16526589.html",
  },
  {
    "name": "第140章 谈判",
    "url": "/book/51801/16526590.html",
  },
  {
    "name": "第141章 摆擂台",
    "url": "/book/51801/16526591.html",
  },
  {
    "name": "第142章 战斗思路",
    "url": "/book/51801/16526592.html",
  },
  {
    "name": "第143章 意外的结局",
    "url": "/book/51801/16526593.html",
  },
  {
    "name": "第144章 斩断魔刃",
    "url": "/book/51801/16526594.html",
  },
  {
    "name": "第145章 破碎的三把剑",
    "url": "/book/51801/16526595.html",
  },
  {
    "name": "第146章 故事的结束",
    "url": "/book/51801/16526596.html",
  },
  {
    "name": "第147章 进步明显",
    "url": "/book/51801/16526597.html",
  },
  {
    "name": "第148章 运动会开幕",
    "url": "/book/51801/16526598.html",
  },
  {
    "name": "第149章 开幕仪式",
    "url": "/book/51801/16526599.html",
  },
  {
    "name": "第150章 初赛晋级",
    "url": "/book/51801/16526600.html",
  },
  {
    "name": "第151章 压力山大",
    "url": "/book/51801/16526601.html",
  },
  {
    "name": "第152章 继续开运动会",
    "url": "/book/51801/16526602.html",
  },
  {
    "name": "第153章 米决赛",
    "url": "/book/51801/16526603.html",
  },
  {
    "name": "第154章 龙争虎斗",
    "url": "/book/51801/16526604.html",
  },
  {
    "name": "第155章 冲刺",
    "url": "/book/51801/16526605.html",
  },
  {
    "name": "第156章 夺冠",
    "url": "/book/51801/16526606.html",
  },
  {
    "name": "第157章 运动会闭幕",
    "url": "/book/51801/16526607.html",
  },
  {
    "name": "第158章 重大变化",
    "url": "/book/51801/16526608.html",
  },
  {
    "name": "第159章 联调",
    "url": "/book/51801/16526609.html",
  },
  {
    "name": "第160章 换个地方开黑",
    "url": "/book/51801/16526610.html",
  },
  {
    "name": "第161章 连上了",
    "url": "/book/51801/16526611.html",
  },
  {
    "name": "第162章 组队冒险",
    "url": "/book/51801/16526612.html",
  },
  {
    "name": "第163章 挑战野蛮人先祖",
    "url": "/book/51801/16526613.html",
  },
  {
    "name": "第164章 大战远古人",
    "url": "/book/51801/16526614.html",
  },
  {
    "name": "第165章 闯荡要塞",
    "url": "/book/51801/16526615.html",
  },
  {
    "name": "第166章 毁灭的王座",
    "url": "/book/51801/16526616.html",
  },
  {
    "name": "第167章 难缠的恶魔",
    "url": "/book/51801/16526617.html",
  },
  {
    "name": "第168章 世界之石",
    "url": "/book/51801/16526618.html",
  },
  {
    "name": "第169章 终焉之战",
    "url": "/book/51801/16526619.html",
  },
  {
    "name": "第170章 大逆转",
    "url": "/book/51801/16526620.html",
  },
  {
    "name": "第171章 又死一次",
    "url": "/book/51801/16526621.html",
  },
  {
    "name": "第172章 激战！泰瑞尔vs巴尔",
    "url": "/book/51801/16526622.html",
  },
  {
    "name": "第173章 杀死比……巴尔",
    "url": "/book/51801/16526623.html",
  },
  {
    "name": "第174章 再见，泰瑞尔！",
    "url": "/book/51801/16526624.html",
  },
  {
    "name": "第175章 郭立的补偿",
    "url": "/book/51801/16526625.html",
  },
  {
    "name": "第176章 遥远的声音",
    "url": "/book/51801/16526626.html",
  },
  {
    "name": "第177章 新的梦境",
    "url": "/book/51801/16526627.html",
  },
  {
    "name": "第178章 换风格了",
    "url": "/book/51801/16526628.html",
  },
  {
    "name": "第179章 第一次作战会议",
    "url": "/book/51801/16526629.html",
  },
  {
    "name": "第180章 这是什么东西？",
    "url": "/book/51801/16526630.html",
  },
  {
    "name": "第181章 这是什么地方？",
    "url": "/book/51801/16526631.html",
  },
  {
    "name": "第182章 这是什么游戏？",
    "url": "/book/51801/16526632.html",
  },
  {
    "name": "第183章 另一种怪物",
    "url": "/book/51801/16526633.html",
  },
  {
    "name": "第184章 三人的能力",
    "url": "/book/51801/16526634.html",
  },
  {
    "name": "第185章 文明遗址？！",
    "url": "/book/51801/16526635.html",
  },
  {
    "name": "第186章 虫族的能力",
    "url": "/book/51801/16526636.html",
  },
  {
    "name": "第187章 伏击",
    "url": "/book/51801/16526637.html",
  },
  {
    "name": "第188章 潜伏者",
    "url": "/book/51801/16526638.html",
  },
  {
    "name": "第189章 奇怪的东西",
    "url": "/book/51801/16526639.html",
  },
  {
    "name": "第190章 救命的活儿？",
    "url": "/book/51801/16526640.html",
  },
  {
    "name": "第191章 忐忑",
    "url": "/book/51801/16526641.html",
  },
  {
    "name": "第192章 长见识了",
    "url": "/book/51801/16526642.html",
  },
  {
    "name": "第193章 收下药品",
    "url": "/book/51801/16526643.html",
  },
  {
    "name": "第194章 爱丽丝咋办？",
    "url": "/book/51801/16526644.html",
  },
  {
    "name": "第195章 杀狗大会",
    "url": "/book/51801/16526645.html",
  },
  {
    "name": "第196章 孙怡宁加入",
    "url": "/book/51801/16526646.html",
  },
  {
    "name": "第197章 超强的队友",
    "url": "/book/51801/16526647.html",
  },
  {
    "name": "第198章 超强的队友？",
    "url": "/book/51801/16526648.html",
  },
  {
    "name": "第199章 不和谐的团队",
    "url": "/book/51801/16526649.html",
  },
  {
    "name": "第200章 武器改造",
    "url": "/book/51801/16526650.html",
  },
  {
    "name": "第201章 目标：遗迹！",
    "url": "/book/51801/16526651.html",
  },
  {
    "name": "第202章 新装备的威力",
    "url": "/book/51801/16526652.html",
  },
  {
    "name": "第203章 速推战术",
    "url": "/book/51801/16526653.html",
  },
  {
    "name": "第204章 能源危机",
    "url": "/book/51801/16526654.html",
  },
  {
    "name": "第205章 意外收获",
    "url": "/book/51801/16526655.html",
  },
  {
    "name": "第206章 新的思路",
    "url": "/book/51801/16526656.html",
  },
  {
    "name": "第207章 飞向太空",
    "url": "/book/51801/16526657.html",
  },
  {
    "name": "第208章 静默的战舰",
    "url": "/book/51801/16526658.html",
  },
  {
    "name": "第209章 失事的战舰",
    "url": "/book/51801/16526659.html",
  },
  {
    "name": "第210章 进入战舰",
    "url": "/book/51801/16526660.html",
  },
  {
    "name": "第211章 鬼屋历险记",
    "url": "/book/51801/16526661.html",
  },
  {
    "name": "第212章 再次更新",
    "url": "/book/51801/16526662.html",
  },
  {
    "name": "第213章 大难临头",
    "url": "/book/51801/16526663.html",
  },
  {
    "name": "第214章 战争危机",
    "url": "/book/51801/16526664.html",
  },
  {
    "name": "第215章 下一步方向",
    "url": "/book/51801/16526665.html",
  },
  {
    "name": "第216章 天外来客",
    "url": "/book/51801/16526666.html",
  },
  {
    "name": "第217章 星际谈判",
    "url": "/book/51801/16526667.html",
  },
  {
    "name": "第218章 普罗托斯人",
    "url": "/book/51801/16526668.html",
  },
  {
    "name": "第219章 黑白圣堂",
    "url": "/book/51801/16526669.html",
  },
  {
    "name": "第220章 结盟",
    "url": "/book/51801/16526670.html",
  },
  {
    "name": "第221章 夺权",
    "url": "/book/51801/16526671.html",
  },
  {
    "name": "第222章 传送科技",
    "url": "/book/51801/16526672.html",
  },
  {
    "name": "第223章 主宰苏醒",
    "url": "/book/51801/16526673.html",
  },
  {
    "name": "第224章 阿比斯的困扰",
    "url": "/book/51801/16526674.html",
  },
  {
    "name": "第225章 第一波进攻",
    "url": "/book/51801/16526675.html",
  },
  {
    "name": "第226章 这样的胜利来一打",
    "url": "/book/51801/16526676.html",
  },
  {
    "name": "第227章 疲惫",
    "url": "/book/51801/16526677.html",
  },
  {
    "name": "第228章 据说自古而有",
    "url": "/book/51801/16526678.html",
  },
  {
    "name": "第229章 选择题",
    "url": "/book/51801/16526679.html",
  },
  {
    "name": "第230章 决定",
    "url": "/book/51801/16526680.html",
  },
  {
    "name": "第231章 出现新情况",
    "url": "/book/51801/16526681.html",
  },
  {
    "name": "第232章 永无休止的战斗",
    "url": "/book/51801/16526682.html",
  },
  {
    "name": "第233章 两个种族的战舰之争",
    "url": "/book/51801/16526683.html",
  },
  {
    "name": "第234章 博弈",
    "url": "/book/51801/16526684.html",
  },
  {
    "name": "第235章 空军登场",
    "url": "/book/51801/16526685.html",
  },
  {
    "name": "第236章 稳住！",
    "url": "/book/51801/16526686.html",
  },
  {
    "name": "第237章 资源，资源！",
    "url": "/book/51801/16526687.html",
  },
  {
    "name": "第238章 郭立的指挥",
    "url": "/book/51801/16526688.html",
  },
  {
    "name": "第239章 虫族哪里去了？",
    "url": "/book/51801/16526689.html",
  },
  {
    "name": "第240章 前线战况",
    "url": "/book/51801/16526690.html",
  },
  {
    "name": "第241章 不祥的预感",
    "url": "/book/51801/16526691.html",
  },
  {
    "name": "第242章 主宰的蓄谋",
    "url": "/book/51801/16526692.html",
  },
  {
    "name": "第243章 坚定的信念",
    "url": "/book/51801/16526693.html",
  },
  {
    "name": "第244章 虫族最强空军阵容",
    "url": "/book/51801/16526694.html",
  },
  {
    "name": "第245章 坚持就是胜利",
    "url": "/book/51801/16526695.html",
  },
  {
    "name": "第246章 科技的力量",
    "url": "/book/51801/16526696.html",
  },
  {
    "name": "第247章 逆转！",
    "url": "/book/51801/16526697.html",
  },
  {
    "name": "第248章 狂躁的主宰",
    "url": "/book/51801/16526698.html",
  },
  {
    "name": "第249章 脆弱的防线",
    "url": "/book/51801/16526699.html",
  },
  {
    "name": "第250章 直捣黄龙",
    "url": "/book/51801/16526700.html",
  },
  {
    "name": "第251章 拼到最后一滴血",
    "url": "/book/51801/16526701.html",
  },
  {
    "name": "第252章 拼了！",
    "url": "/book/51801/16526702.html",
  },
  {
    "name": "第253章 合体的光明圣堂",
    "url": "/book/51801/16526703.html",
  },
  {
    "name": "第254章 同盟解散？",
    "url": "/book/51801/16526704.html",
  },
  {
    "name": "第255章 队伍解散？",
    "url": "/book/51801/16526705.html",
  },
  {
    "name": "第256章 清点收获",
    "url": "/book/51801/16526706.html",
  },
  {
    "name": "第257章 三个物品",
    "url": "/book/51801/16526707.html",
  },
  {
    "name": "第258章 遗忘的章",
    "url": "/book/51801/16526708.html",
  },
  {
    "name": "第259章 你妹啊！",
    "url": "/book/51801/16526709.html",
  },
  {
    "name": "第260章 失落的妹妹",
    "url": "/book/51801/16526710.html",
  },
  {
    "name": "第261章 天才魔法少女",
    "url": "/book/51801/16526711.html",
  },
  {
    "name": "第262章 光之少女",
    "url": "/book/51801/16526712.html",
  },
  {
    "name": "第263章 就这么简单",
    "url": "/book/51801/16526713.html",
  },
  {
    "name": "第264章 找到王子了",
    "url": "/book/51801/16526714.html",
  },
  {
    "name": "第265章 王子的情况",
    "url": "/book/51801/16526715.html",
  },
  {
    "name": "第266章 揭开面纱",
    "url": "/book/51801/16526716.html",
  },
  {
    "name": "第267章 盖子VS王子",
    "url": "/book/51801/16526717.html",
  },
  {
    "name": "第268章 两女之争",
    "url": "/book/51801/16526718.html",
  },
  {
    "name": "第269章 三人大战",
    "url": "/book/51801/16526719.html",
  },
  {
    "name": "第270章 埋伏厄加特",
    "url": "/book/51801/16526720.html",
  },
  {
    "name": "第271章 无畏战车",
    "url": "/book/51801/16526721.html",
  },
  {
    "name": "第272章 哪来的帮手？",
    "url": "/book/51801/16526722.html",
  },
  {
    "name": "第273章 王子在哪里？",
    "url": "/book/51801/16526723.html",
  },
  {
    "name": "第274章 结束的未完结",
    "url": "/book/51801/16526724.html",
  },
  {
    "name": "第275章 归队！",
    "url": "/book/51801/16526725.html",
  },
  {
    "name": "第276章 穿到哪去了？",
    "url": "/book/51801/16526726.html",
  },
  {
    "name": "第277章 开局一张嘴",
    "url": "/book/51801/16526727.html",
  },
  {
    "name": "第278章 兵临豫章",
    "url": "/book/51801/16526728.html",
  },
  {
    "name": "第279章 等级全靠混",
    "url": "/book/51801/16526729.html",
  },
  {
    "name": "第280章 入建昌",
    "url": "/book/51801/16526730.html",
  },
  {
    "name": "第281章 真假贼寇",
    "url": "/book/51801/16526731.html",
  },
  {
    "name": "第282章 初战刘磐",
    "url": "/book/51801/16526732.html",
  },
  {
    "name": "第283章 武将技",
    "url": "/book/51801/16526733.html",
  },
  {
    "name": "第284章 败刘磐",
    "url": "/book/51801/16526734.html",
  },
  {
    "name": "第285章 武将技VS军阵",
    "url": "/book/51801/16526735.html",
  },
  {
    "name": "第286章 孟进与黄忠",
    "url": "/book/51801/16526736.html",
  },
  {
    "name": "第287章 黄忠还是愚忠",
    "url": "/book/51801/16526737.html",
  },
  {
    "name": "第288章 孟进战黄忠",
    "url": "/book/51801/16526738.html",
  },
  {
    "name": "第289章 明争暗斗",
    "url": "/book/51801/16526739.html",
  },
  {
    "name": "第290章 此刻的郭立",
    "url": "/book/51801/16526740.html",
  },
  {
    "name": "第291章 互相羡慕",
    "url": "/book/51801/16526741.html",
  },
  {
    "name": "第292章 黄忠又来了",
    "url": "/book/51801/16526742.html",
  },
  {
    "name": "第293章 两军对垒",
    "url": "/book/51801/16526743.html",
  },
  {
    "name": "第294章 看我大招",
    "url": "/book/51801/16526744.html",
  },
  {
    "name": "第295章 剿匪奇遇",
    "url": "/book/51801/16526745.html",
  },
  {
    "name": "第296章 得遇高人",
    "url": "/book/51801/16526746.html",
  },
  {
    "name": "第297章 上中下三策",
    "url": "/book/51801/16526747.html",
  },
  {
    "name": "第298章 卧一种植物！",
    "url": "/book/51801/16526748.html",
  },
  {
    "name": "第299章 福无双至？",
    "url": "/book/51801/16526749.html",
  },
  {
    "name": "第300章 北伐开始",
    "url": "/book/51801/16526750.html",
  },
  {
    "name": "第301章 庞统出手",
    "url": "/book/51801/16526751.html",
  },
  {
    "name": "第302章 文臣武将",
    "url": "/book/51801/16526752.html",
  },
  {
    "name": "第303章 返回会稽",
    "url": "/book/51801/16526753.html",
  },
  {
    "name": "第304章 会猎于郊",
    "url": "/book/51801/16526754.html",
  },
  {
    "name": "第305章 万寿无疆的仙人",
    "url": "/book/51801/16526755.html",
  },
  {
    "name": "第306章 三英战于吉",
    "url": "/book/51801/16526756.html",
  },
  {
    "name": "第307章 四圣兽（一）",
    "url": "/book/51801/16526757.html",
  },
  {
    "name": "第308章 四圣兽（二）",
    "url": "/book/51801/16526758.html",
  },
  {
    "name": "第309章 四圣兽（三）",
    "url": "/book/51801/16526759.html",
  },
  {
    "name": "第310章 郭立差点没",
    "url": "/book/51801/16526760.html",
  },
  {
    "name": "第311章 自走",
    "url": "/book/51801/16526761.html",
  },
  {
    "name": "第312章 学神归来",
    "url": "/book/51801/16526762.html",
  },
  {
    "name": "第313章 袁媛来了",
    "url": "/book/51801/16526763.html",
  },
  {
    "name": "第314章 什么档次！",
    "url": "/book/51801/16526764.html",
  },
  {
    "name": "第315章 大事不妙",
    "url": "/book/51801/16526765.html",
  },
  {
    "name": "第316章 画蛇添足",
    "url": "/book/51801/16526766.html",
  },
  {
    "name": "第317章 就这样解决了？",
    "url": "/book/51801/16526767.html",
  },
  {
    "name": "第318章 还是那个节奏",
    "url": "/book/51801/16526768.html",
  },
  {
    "name": "第319章 地表最强小分队集结",
    "url": "/book/51801/16526769.html",
  },
  {
    "name": "第320章 真正的集结",
    "url": "/book/51801/16526770.html",
  },
  {
    "name": "第321章 探索开始",
    "url": "/book/51801/16526771.html",
  },
  {
    "name": "第322章 燃烧的火红大地",
    "url": "/book/51801/16526772.html",
  },
  {
    "name": "第323章 反常的设定",
    "url": "/book/51801/16526773.html",
  },
  {
    "name": "第324章 孙学神的价值",
    "url": "/book/51801/16526774.html",
  },
  {
    "name": "第325章 暴躁的矮人",
    "url": "/book/51801/16526775.html",
  },
  {
    "name": "第326章 接到任务",
    "url": "/book/51801/16526776.html",
  },
  {
    "name": "第327章 改造魔法",
    "url": "/book/51801/16526777.html",
  },
  {
    "name": "第328章 能力加强",
    "url": "/book/51801/16526778.html",
  },
  {
    "name": "第329章 小队显威",
    "url": "/book/51801/16526779.html",
  },
  {
    "name": "第330章 任务物品",
    "url": "/book/51801/16526780.html",
  },
  {
    "name": "第331章 目标！黑石深渊",
    "url": "/book/51801/16526781.html",
  },
  {
    "name": "第332章 你跳我跳",
    "url": "/book/51801/16526782.html",
  },
  {
    "name": "第333章 排队跳崖",
    "url": "/book/51801/16526783.html",
  },
  {
    "name": "第334章 坚韧不屈的元帅",
    "url": "/book/51801/16526784.html",
  },
  {
    "name": "第335章 踏入竞技场",
    "url": "/book/51801/16526785.html",
  },
  {
    "name": "第336章 战士的对决",
    "url": "/book/51801/16526786.html",
  },
  {
    "name": "第337章 首场胜利",
    "url": "/book/51801/16526787.html",
  },
  {
    "name": "第338章 魔法对决",
    "url": "/book/51801/16526788.html",
  },
  {
    "name": "第339章 孟进的莫名登场",
    "url": "/book/51801/16526789.html",
  },
  {
    "name": "第340章 剜眼者",
    "url": "/book/51801/16526790.html",
  },
  {
    "name": "第341章 光明对黑暗",
    "url": "/book/51801/16526791.html",
  },
  {
    "name": "第342章 双生蜘蛛",
    "url": "/book/51801/16526792.html",
  },
  {
    "name": "第343章 杨秋的伤害",
    "url": "/book/51801/16526793.html",
  },
  {
    "name": "第344章 杨秋爆发",
    "url": "/book/51801/16526794.html",
  },
  {
    "name": "第345章 意外的战斗",
    "url": "/book/51801/16526795.html",
  },
  {
    "name": "第346章 冠军斗士",
    "url": "/book/51801/16526796.html",
  },
  {
    "name": "第347章 握手言和",
    "url": "/book/51801/16526797.html",
  },
  {
    "name": "第348章 竞技场毁灭",
    "url": "/book/51801/16526798.html",
  },
  {
    "name": "第349章 元帅的坚持",
    "url": "/book/51801/16526799.html",
  },
  {
    "name": "第350章 温德索尔",
    "url": "/book/51801/16526800.html",
  },
  {
    "name": "第351章 突击黑石塔",
    "url": "/book/51801/16526801.html",
  },
  {
    "name": "第352章 比挂更挂",
    "url": "/book/51801/16526802.html",
  },
  {
    "name": "第353章 恐高的孟进",
    "url": "/book/51801/16526803.html",
  },
  {
    "name": "第354章 兽人语",
    "url": "/book/51801/16526804.html",
  },
  {
    "name": "第355章 美好的开局",
    "url": "/book/51801/16526805.html",
  },
  {
    "name": "第356章 暴躁的人群",
    "url": "/book/51801/16526806.html",
  },
  {
    "name": "第357章 挣脱的火元素",
    "url": "/book/51801/16526807.html",
  },
  {
    "name": "第358章 再次伪装",
    "url": "/book/51801/16526808.html",
  },
  {
    "name": "第359章 雷德黑手",
    "url": "/book/51801/16526809.html",
  },
  {
    "name": "第360章 龙骑士",
    "url": "/book/51801/16526810.html",
  },
]
`;
